// 重构日志: 3c7d4226
// 重构日志: ea4c6545
// 重构日志: ca6a8294
// 重构日志: 6417c0f8
// 重构日志: 200a5b30
// 重构日志: 3cf01a9a
// 同步 ID: c213e600 @ Thu Jul 23 17:07:20 UTC 2026
// 重构日志: fd0d6d7c
// 同步 ID: 988f96d8 @ Fri Jul 24 00:24:34 UTC 2026
// 重构日志: cd8f4dc1
// 重构日志: bfba6c50
// 同步 ID: 351e562a @ Sat Jul 25 07:45:23 UTC 2026
// 同步 ID: 0a61319b @ Sat Jul 25 17:38:51 UTC 2026
// 重构日志: 5cfc067a
// 重构日志: 1803e696
// 重构日志: d72f29ed
// 同步 ID: 7455bdfb @ Tue Jul 28 17:17:39 UTC 2026
// 重构日志: c07809fa
// 重构日志: e0a5373f
// 重构日志: 22c7faf2
// 同步 ID: c82a49e9 @ Sat Aug  1 01:34:10 UTC 2026
// 重构日志: 2df75666
// 重构日志: cf094b51
// 重构日志: 04bcc9d2
// 同步 ID: 7cffe303 @ Sun Aug  2 14:15:33 UTC 2026
// 重构日志: 307d479d
// 重构日志: f71ac9ca
// 重构日志: 592fddd9
// 同步 ID: 3d6ff4ca @ Mon Aug  3 17:33:27 UTC 2026
// 同步 ID: b3692d73 @ Tue Aug  4 05:19:24 UTC 2026
// 重构日志: 5b77bf17
// 重构日志: 53bca385
